
Memory Configuration

Name             Origin             Length             Attributes
*default*        0x0000000000000000 0xffffffffffffffff

Linker script and memory map

                0x000000000010004c                . = ((0x100000 + SIZEOF_HEADERS) + 0xc)

.text           0x0000000000000000      0x937
 .text          0x0000000000000000      0x132 tmp/amd64-linux.elf-fold.o
 *fill*         0x0000000000000132        0x2 00
 .text          0x0000000000000134      0x803 tmp/amd64-linux.elf-main.o
                0x0000000000000303                PF_TO_PROT
                0x00000000000002b8                underlay
                0x00000000000007fd                upx_main

.data           0x0000000000000000        0x0
 .data          0x0000000000000000        0x0 tmp/amd64-linux.elf-fold.o
 .data          0x0000000000000000        0x0 tmp/amd64-linux.elf-main.o

.bss            0x0000000000000000        0x0
 .bss           0x0000000000000000        0x0 tmp/amd64-linux.elf-fold.o
 .bss           0x0000000000000000        0x0 tmp/amd64-linux.elf-main.o
LOAD tmp/amd64-linux.elf-fold.o
LOAD tmp/amd64-linux.elf-main.o
OUTPUT(tmp/amd64-linux.elf-fold.bin elf64-x86-64)

SYSCALLS        0x0000000000000000       0x85
 SYSCALLS       0x0000000000000000       0x85 tmp/amd64-linux.elf-fold.o
                0x0000000000000018                Pmap
                0x0000000000000061                munmap
                0x0000000000000071                ftruncate
                0x0000000000000026                mmap
                0x000000000000007d                write
                0x0000000000000011                memfd_create
                0x0000000000000081                read
                0x0000000000000000                my_bkpt
                0x0000000000000041                Pprotect
                0x000000000000007d                Pwrite
                0x0000000000000053                Punmap
                0x0000000000000065                exit
                0x0000000000000069                brk
                0x0000000000000075                open
                0x0000000000000079                mprotect
                0x000000000000006d                close
