
Memory Configuration

Name             Origin             Length             Attributes
*default*        0x0000000000000000 0xffffffffffffffff

Linker script and memory map

                0x0000000000000040                . = SIZEOF_HEADERS

.text           0x0000000000000000      0xa02
 .text          0x0000000000000000      0x16b tmp/amd64-linux.elf-fold.o
                0x0000000000000163                get_page_mask
 *fill*         0x000000000000016b        0x1 00
 .text          0x000000000000016c        0x0 tmp/amd64-expand.o
 .text          0x000000000000016c      0x896 tmp/amd64-linux.elf-main2.o
                0x0000000000000324                xfind_pages
                0x00000000000008d3                upx_main2
                0x00000000000002d9                underlay

UMF_LINUX       0x0000000000000000       0xf9
 UMF_LINUX      0x0000000000000000       0xf9 tmp/amd64-linux.elf-upxfd_linux.o
                0x0000000000000000                upx_mmap_and_fd_linux

.data           0x0000000000000000        0x0
 .data          0x0000000000000000        0x0 tmp/amd64-linux.elf-fold.o
 .data          0x0000000000000000        0x0 tmp/amd64-expand.o
 .data          0x0000000000000000        0x0 tmp/amd64-linux.elf-main2.o

.bss            0x0000000000000000        0x0
 .bss           0x0000000000000000        0x0 tmp/amd64-linux.elf-fold.o
 .bss           0x0000000000000000        0x0 tmp/amd64-expand.o
 .bss           0x0000000000000000        0x0 tmp/amd64-linux.elf-main2.o
LOAD tmp/amd64-linux.elf-fold.o
LOAD tmp/amd64-expand.o
LOAD tmp/amd64-linux.elf-upxfd_linux.o
LOAD tmp/amd64-linux.elf-main2.o
OUTPUT(tmp/amd64-linux.elf-fold.bin elf64-x86-64)

SYSCALLS        0x0000000000000000       0xdc
 SYSCALLS       0x0000000000000000       0xdc tmp/amd64-linux.elf-fold.o
                0x000000000000004a                Pmap
                0x00000000000000b4                munmap
                0x0000000000000076                Psync
                0x00000000000000c4                ftruncate
                0x000000000000005b                mmap
                0x00000000000000d4                write
                0x00000000000000d8                read
                0x00000000000000d0                msync
                0x0000000000000011                upxfd_create
                0x0000000000000000                my_bkpt
                0x000000000000008f                Pprotect
                0x00000000000000d4                Pwrite
                0x00000000000000a4                Punmap
                0x00000000000000b8                exit
                0x00000000000000bc                brk
                0x00000000000000c8                open
                0x00000000000000cc                mprotect
                0x00000000000000c0                close

EXP_HEAD        0x0000000000000000       0xe9
 EXP_HEAD       0x0000000000000000       0xe9 tmp/amd64-expand.o
                0x0000000000000000                f_expand

NRV2E           0x0000000000000000       0xe8
 NRV2E          0x0000000000000000       0xe8 tmp/amd64-expand.o

NRV2D           0x0000000000000000       0xdb
 NRV2D          0x0000000000000000       0xdb tmp/amd64-expand.o

NRV2B           0x0000000000000000       0xc4
 NRV2B          0x0000000000000000       0xc4 tmp/amd64-expand.o

LZMA_DAISY      0x0000000000000000        0xa
 LZMA_DAISY     0x0000000000000000        0xa tmp/amd64-expand.o

LZMA_ELF00      0x0000000000000000       0x65
 LZMA_ELF00     0x0000000000000000       0x65 tmp/amd64-expand.o

LZMA_DEC10      0x0000000000000000      0x9f7
 LZMA_DEC10     0x0000000000000000      0x9f7 tmp/amd64-expand.o

LZMA_DEC20      0x0000000000000000      0x9f7
 LZMA_DEC20     0x0000000000000000      0x9f7 tmp/amd64-expand.o

LZMA_DEC30      0x0000000000000000       0x19
 LZMA_DEC30     0x0000000000000000       0x19 tmp/amd64-expand.o

EXP_TAIL        0x0000000000000000       0x14
 EXP_TAIL       0x0000000000000000       0x14 tmp/amd64-expand.o
                0x0000000000000014                upx_mmap_and_fd

STRCON          0x0000000000000000       0x4f
 STRCON         0x0000000000000000       0x4b tmp/amd64-linux.elf-upxfd_linux.o
 STRCON         0x000000000000004b        0x4 tmp/amd64-linux.elf-main2.o
