
Memory Configuration

Name             Origin             Length             Attributes
*default*        0x0000000000000000 0xffffffffffffffff

Linker script and memory map

                0x00000000001000bc                . = ((0x100000 + SIZEOF_HEADERS) + 0xc)

.text           0x00000000001000bc      0x88c
 *(.text)
 .text          0x00000000001000bc      0x199 tmp/amd64-linux.elf-fold.o
                0x0000000000100245                munmap
                0x000000000010021e                mmap
                0x000000000010024d                write
                0x0000000000100251                read
                0x0000000000100235                exit
                0x0000000000100239                brk
                0x0000000000100241                open
                0x0000000000100249                mprotect
                0x000000000010023d                close
 *fill*         0x0000000000100255        0x3 00
 .text          0x0000000000100258      0x6ee tmp/amd64-linux.elf-main.o
                0x00000000001007fe                upx_main
 *fill*         0x0000000000100946        0x2 00
 .text          0x0000000000100948        0x0 tmp/amd64-expand.o
 *(.data)
 .data          0x0000000000100948        0x0 tmp/amd64-linux.elf-fold.o
 .data          0x0000000000100948        0x0 tmp/amd64-linux.elf-main.o
 .data          0x0000000000100948        0x0 tmp/amd64-expand.o
                0x0000000000100948                . = ALIGN (0x1)
                0x0000000000100948                __start_EXP_HEAD = .

EXP_HEAD        0x0000000000100948       0xdc
 EXP_HEAD       0x0000000000100948       0xdc tmp/amd64-expand.o
                0x0000000000100948                f_expand
                0x0000000000100a24                __stop_EXP_HEAD = .
                0x0000000000100a24                . = ALIGN (0x1)
                0x0000000000100a24                __start_NRV2E = .

NRV2E           0x0000000000100a24       0xe5
 NRV2E          0x0000000000100a24       0xe5 tmp/amd64-expand.o
                0x0000000000100b09                __stop_NRV2E = .
                0x0000000000100b09                . = ALIGN (0x1)
                0x0000000000100b09                __start_NRV2D = .

NRV2D           0x0000000000100b09       0xd7
 NRV2D          0x0000000000100b09       0xd7 tmp/amd64-expand.o
                0x0000000000100be0                __stop_NRV2D = .
                0x0000000000100be0                . = ALIGN (0x1)
                0x0000000000100be0                __start_NRV2B = .

NRV2B           0x0000000000100be0       0xc1
 NRV2B          0x0000000000100be0       0xc1 tmp/amd64-expand.o
                0x0000000000100ca1                __stop_NRV2B = .

.data

.bss            0x0000000000100ca4        0x0
 .bss           0x0000000000100ca4        0x0 tmp/amd64-linux.elf-fold.o
 .bss           0x0000000000100ca4        0x0 tmp/amd64-linux.elf-main.o
 .bss           0x0000000000100ca4        0x0 tmp/amd64-expand.o

.rela.dyn       0x0000000000100ca8        0x0
 .rela.text     0x0000000000000000        0x0 tmp/amd64-linux.elf-fold.o
LOAD tmp/amd64-linux.elf-fold.o
LOAD tmp/amd64-linux.elf-main.o
LOAD tmp/amd64-expand.o
OUTPUT(tmp/amd64-linux.elf-fold.bin elf64-x86-64)
                0x0000000000000000                . = ALIGN (0x1)
                0x0000000000000000                __start_LZMA_ELF00 = .

LZMA_ELF00      0x0000000000000000       0x64
 LZMA_ELF00     0x0000000000000000       0x64 tmp/amd64-expand.o
                0x0000000000000064                __stop_LZMA_ELF00 = .
                0x0000000000000064                . = ALIGN (0x1)
                0x0000000000000064                __start_LZMA_DEC10 = .

LZMA_DEC10      0x0000000000000000      0x9f7
 LZMA_DEC10     0x0000000000000000      0x9f7 tmp/amd64-expand.o
                0x00000000000009f7                __stop_LZMA_DEC10 = .
                0x00000000000009f7                . = ALIGN (0x1)
                0x00000000000009f7                __start_LZMA_DEC20 = .

LZMA_DEC20      0x0000000000000000      0x9f7
 LZMA_DEC20     0x0000000000000000      0x9f7 tmp/amd64-expand.o
                0x00000000000009f7                __stop_LZMA_DEC20 = .
                0x00000000000009f7                . = ALIGN (0x1)
                0x00000000000009f7                __start_LZMA_DEC30 = .

LZMA_DEC30      0x0000000000000000       0x18
 LZMA_DEC30     0x0000000000000000       0x18 tmp/amd64-expand.o
                0x0000000000000018                __stop_LZMA_DEC30 = .
                0x0000000000000018                . = ALIGN (0x1)
                0x0000000000000018                __start_EXP_TAIL = .

EXP_TAIL        0x0000000000000000        0xe
 EXP_TAIL       0x0000000000000000        0xe tmp/amd64-expand.o
                0x000000000000000e                __stop_EXP_TAIL = .
