
Memory Configuration

Name             Origin             Length             Attributes
*default*        0x0000000000000000 0xffffffffffffffff

Linker script and memory map

                0x000000000010004c                . = ((0x100000 + SIZEOF_HEADERS) + 0xc)

.text           0x0000000000000000      0x92b
 .text          0x0000000000000000      0x125 tmp/amd64-linux.elf-fold.o
 *fill*         0x0000000000000125        0x3 00
 .text          0x0000000000000128      0x803 tmp/amd64-linux.elf-main.o
                0x00000000000002f7                PF_TO_PROT
                0x00000000000002ac                underlay
                0x00000000000007f1                upx_main

EXP_HEAD        0x0000000000000000       0xef
 EXP_HEAD       0x0000000000000000       0xef tmp/amd64-linux.elf-fold.o
                0x0000000000000000                f_expand
                0x00000000000000b3                copy

NRV2E           0x0000000000000000       0xe0
 NRV2E          0x0000000000000000       0xe0 tmp/amd64-linux.elf-fold.o

NRV2D           0x0000000000000000       0xd2
 NRV2D          0x0000000000000000       0xd2 tmp/amd64-linux.elf-fold.o

NRV2B           0x0000000000000000       0xbc
 NRV2B          0x0000000000000000       0xbc tmp/amd64-linux.elf-fold.o

.data           0x0000000000000000        0x0
 .data          0x0000000000000000        0x0 tmp/amd64-linux.elf-fold.o
 .data          0x0000000000000000        0x0 tmp/amd64-linux.elf-main.o

.bss            0x0000000000000000        0x0
 .bss           0x0000000000000000        0x0 tmp/amd64-linux.elf-fold.o
 .bss           0x0000000000000000        0x0 tmp/amd64-linux.elf-main.o
LOAD tmp/amd64-linux.elf-fold.o
LOAD tmp/amd64-linux.elf-main.o
OUTPUT(tmp/amd64-linux.elf-fold.bin elf64-x86-64)

SYSCALLS        0x0000000000000000       0x85
 SYSCALLS       0x0000000000000000       0x85 tmp/amd64-linux.elf-fold.o
                0x0000000000000018                Pmap
                0x0000000000000061                munmap
                0x0000000000000071                ftruncate
                0x0000000000000026                mmap
                0x000000000000007d                write
                0x0000000000000011                memfd_create
                0x0000000000000081                read
                0x0000000000000000                my_bkpt
                0x0000000000000041                Pprotect
                0x000000000000007d                Pwrite
                0x0000000000000053                Punmap
                0x0000000000000065                exit
                0x0000000000000069                brk
                0x0000000000000075                open
                0x0000000000000079                mprotect
                0x000000000000006d                close

LZMA_ELF00      0x0000000000000000       0x64
 LZMA_ELF00     0x0000000000000000       0x64 tmp/amd64-linux.elf-fold.o

LZMA_DEC10      0x0000000000000000      0x9f7
 LZMA_DEC10     0x0000000000000000      0x9f7 tmp/amd64-linux.elf-fold.o

LZMA_DEC20      0x0000000000000000      0x9f7
 LZMA_DEC20     0x0000000000000000      0x9f7 tmp/amd64-linux.elf-fold.o

LZMA_DEC30      0x0000000000000000       0x18
 LZMA_DEC30     0x0000000000000000       0x18 tmp/amd64-linux.elf-fold.o

EXP_TAIL        0x0000000000000000        0x1
 EXP_TAIL       0x0000000000000000        0x1 tmp/amd64-linux.elf-fold.o
