
Memory Configuration

Name             Origin             Length             Attributes
*default*        0x0000000000000000 0xffffffffffffffff

Linker script and memory map

TARGET(elf32-littlearm)
                0x0000000000008080                . = ((0x8000 + SIZEOF_HEADERS) + 0xc)

.text           0x0000000000008080      0xb58
 *(.text)
 .text          0x0000000000008080      0x3fc tmp/arm.v5a-linux.elf-fold.o
                0x0000000000008358                munmap
                0x0000000000008400                get_sys_munmap
                0x000000000000831c                getpid
                0x0000000000008344                readlink
                0x0000000000008420                __udivsi3
                0x0000000000008390                mmap
                0x00000000000083dc                __clear_cache
                0x0000000000008408                mmap_privanon
                0x00000000000082cc                write
                0x00000000000082b8                read
                0x0000000000008308                unlink
                0x00000000000082a0                my_bkpt
                0x000000000000836c                Pprotect
                0x00000000000082a8                exit
                0x0000000000008330                brk
                0x00000000000082e0                open
                0x0000000000008420                div10
                0x000000000000836c                mprotect
                0x00000000000082f4                close
 .text          0x000000000000847c      0x75c tmp/armel-linux.elf-main.o
                0x000000000000849c                get_page_mask
                0x0000000000008aa4                upx_main
 *(.data)
 .data          0x0000000000008bd8        0x0 tmp/arm.v5a-linux.elf-fold.o
 .data          0x0000000000008bd8        0x0 tmp/armel-linux.elf-main.o

.data

.bss            0x0000000000008bd8        0x0
 .bss           0x0000000000008bd8        0x0 tmp/arm.v5a-linux.elf-fold.o
 .bss           0x0000000000008bd8        0x0 tmp/armel-linux.elf-main.o
LOAD tmp/arm.v5a-linux.elf-fold.o
LOAD tmp/armel-linux.elf-main.o
OUTPUT(tmp/arm.v5a-linux.elf-fold.bin elf32-littlearm)
