
Memory Configuration

Name             Origin             Length             Attributes
*default*        0x0000000000000000 0xffffffffffffffff

Linker script and memory map

TARGET(elf32-littlearm)
                0x0000000000008080                . = ((0x8000 + SIZEOF_HEADERS) + 0xc)

.text           0x0000000000008080      0xb84
 *(.text)
 .text          0x0000000000008080      0x3e4 tmp/arm.v5a-linux.elf-fold.o
                0x0000000000008348                munmap
                0x00000000000083e8                get_sys_munmap
                0x000000000000830c                getpid
                0x0000000000008334                readlink
                0x0000000000008408                __udivsi3
                0x0000000000008380                mmap
                0x00000000000083cc                __clear_cache
                0x00000000000083f0                mmap_privanon
                0x00000000000082bc                write
                0x00000000000082a8                read
                0x00000000000082f8                unlink
                0x0000000000008290                my_bkpt
                0x000000000000835c                Pprotect
                0x0000000000008298                exit
                0x0000000000008320                brk
                0x00000000000082d0                open
                0x0000000000008408                div10
                0x000000000000835c                mprotect
                0x00000000000082e4                close
 .text          0x0000000000008464      0x7a0 tmp/armel-linux.elf-main.o
                0x0000000000008484                get_page_mask
                0x0000000000008ad0                upx_main
 *(.data)
 .data          0x0000000000008c04        0x0 tmp/arm.v5a-linux.elf-fold.o
 .data          0x0000000000008c04        0x0 tmp/armel-linux.elf-main.o

.data

.bss            0x0000000000008c04        0x0
 .bss           0x0000000000008c04        0x0 tmp/arm.v5a-linux.elf-fold.o
 .bss           0x0000000000008c04        0x0 tmp/armel-linux.elf-main.o
LOAD tmp/arm.v5a-linux.elf-fold.o
LOAD tmp/armel-linux.elf-main.o
OUTPUT(tmp/arm.v5a-linux.elf-fold.bin elf32-littlearm)
