
Memory Configuration

Name             Origin             Length             Attributes
*default*        0x0000000000000000 0xffffffffffffffff

Linker script and memory map

                0x0000000000008040                . = ((0x8000 + SIZEOF_HEADERS) + 0xc)

.text           0x0000000000008040      0xafc
 *(.text)
 .text          0x0000000000008040      0x348 tmp/arm.v4a-linux.elf-fold.o
                0x0000000000008260                my_bkpt
                0x0000000000008268                exit
                0x000000000000826c                read
                0x0000000000008274                write
                0x000000000000827c                open
                0x0000000000008284                close
                0x000000000000828c                unlink
                0x0000000000008294                getpid
                0x000000000000829c                brk
                0x00000000000082a4                readlink
                0x00000000000082ac                munmap
                0x00000000000082b4                Pprotect
                0x00000000000082b4                mprotect
                0x00000000000082cc                mmap
                0x0000000000008300                __clear_cache
                0x000000000000830c                get_sys_munmap
                0x0000000000008314                mmap_privanon
                0x000000000000832c                __udivsi3
                0x000000000000832c                div10
 .text          0x0000000000008388      0x7b4 tmp/arm.v4a-linux.elf-main.o
                0x0000000000008388                get_page_mask
                0x0000000000008a08                upx_main
 *(.data)
 .data          0x0000000000008b3c        0x0 tmp/arm.v4a-linux.elf-fold.o
 .data          0x0000000000008b3c        0x0 tmp/arm.v4a-linux.elf-main.o

.data
LOAD tmp/arm.v4a-linux.elf-fold.o
LOAD tmp/arm.v4a-linux.elf-main.o
OUTPUT(tmp/arm.v4a-linux.elf-fold.bin elf32-littlearm)

.bss            0x0000000000000000        0x0
 .bss           0x0000000000000000        0x0 tmp/arm.v4a-linux.elf-fold.o
 .bss           0x0000000000000000        0x0 tmp/arm.v4a-linux.elf-main.o
