
Memory Configuration

Name             Origin             Length             Attributes
*default*        0x0000000000000000 0xffffffffffffffff

Linker script and memory map

                0x0000000000008040                . = ((0x8000 + SIZEOF_HEADERS) + 0xc)

.text           0x0000000000008040      0xab0
 *(.text)
 .text          0x0000000000008040      0x340 tmp/arm.v4a-linux.elf-fold.o
                0x0000000000008258                my_bkpt
                0x0000000000008260                exit
                0x0000000000008264                read
                0x000000000000826c                write
                0x0000000000008274                open
                0x000000000000827c                close
                0x0000000000008284                unlink
                0x000000000000828c                getpid
                0x0000000000008294                brk
                0x000000000000829c                readlink
                0x00000000000082a4                munmap
                0x00000000000082ac                Pprotect
                0x00000000000082ac                mprotect
                0x00000000000082c4                mmap
                0x00000000000082f8                __clear_cache
                0x0000000000008304                get_sys_munmap
                0x000000000000830c                mmap_privanon
                0x0000000000008324                __udivsi3
                0x0000000000008324                div10
 .text          0x0000000000008380      0x770 tmp/arm.v4a-linux.elf-main.o
                0x00000000000083a0                get_page_mask
                0x00000000000089bc                upx_main
 *(.data)
 .data          0x0000000000008af0        0x0 tmp/arm.v4a-linux.elf-fold.o
 .data          0x0000000000008af0        0x0 tmp/arm.v4a-linux.elf-main.o

.data
LOAD tmp/arm.v4a-linux.elf-fold.o
LOAD tmp/arm.v4a-linux.elf-main.o
OUTPUT(tmp/arm.v4a-linux.elf-fold.bin elf32-littlearm)

.bss            0x0000000000000000        0x0
 .bss           0x0000000000000000        0x0 tmp/arm.v4a-linux.elf-fold.o
 .bss           0x0000000000000000        0x0 tmp/arm.v4a-linux.elf-main.o
