
Memory Configuration

Name             Origin             Length             Attributes
*default*        0x0000000000000000 0xffffffffffffffff

Linker script and memory map

TARGET(elf32-littlearm)
                0x0000000000008080                . = ((0x8000 + SIZEOF_HEADERS) + 0xc)

.text           0x0000000000008080      0xab0
 *(.text)
 .text          0x0000000000008080      0x3c4 tmp/arm.v5a-linux.elf-fold.o
                0x0000000000008354                munmap
                0x00000000000083c8                get_sys_munmap
                0x0000000000008318                getpid
                0x0000000000008340                readlink
                0x0000000000008398                mmap
                0x000000000000837c                __clear_cache
                0x00000000000083d0                mmap_privanon
                0x00000000000082c8                write
                0x00000000000082b4                read
                0x0000000000008304                unlink
                0x000000000000829c                my_bkpt
                0x00000000000082a4                exit
                0x000000000000832c                brk
                0x00000000000082dc                open
                0x00000000000083e8                div10
                0x0000000000008368                mprotect
                0x00000000000082f0                close
 .text          0x0000000000008444      0x6ec tmp/armel-linux.elf-main.o
                0x0000000000008464                get_page_mask
                0x00000000000089fc                upx_main
 *(.data)
 .data          0x0000000000008b30        0x0 tmp/arm.v5a-linux.elf-fold.o
 .data          0x0000000000008b30        0x0 tmp/armel-linux.elf-main.o

.data

.bss            0x0000000000008b30        0x0
 .bss           0x0000000000008b30        0x0 tmp/arm.v5a-linux.elf-fold.o
 .bss           0x0000000000008b30        0x0 tmp/armel-linux.elf-main.o
LOAD tmp/arm.v5a-linux.elf-fold.o
LOAD tmp/armel-linux.elf-main.o
OUTPUT(tmp/arm.v5a-linux.elf-fold.bin elf32-littlearm)
