
Memory Configuration

Name             Origin             Length             Attributes
*default*        0x0000000000000000 0xffffffffffffffff

Linker script and memory map

                0x00000000001000bc                . = ((0x100000 + SIZEOF_HEADERS) + 0xc)

.text           0x00000000001000bc      0xa68
 *(.text)
 .text          0x00000000001000bc      0x2b0 tmp/arm64-linux.elf-fold.o
                0x00000000001000c4                get_page_mask
                0x00000000001000d4                mmap_privanon
                0x00000000001000e4                mmap
                0x0000000000100100                Pprotect
                0x0000000000100100                mprotect
                0x00000000001002c8                my_bkpt
                0x00000000001002d0                exit
                0x00000000001002d8                read
                0x00000000001002e4                write
                0x00000000001002f0                close
                0x00000000001002fc                getpid
                0x0000000000100308                brk
                0x0000000000100314                munmap
                0x0000000000100320                unlink
                0x0000000000100334                readlink
                0x000000000010033c                open
                0x0000000000100358                __clear_cache
 .text          0x000000000010036c      0x7b8 tmp/arm64-linux.elf-main.o
                0x00000000001009bc                upx_main
 *(.data)
 .data          0x0000000000100b24        0x0 tmp/arm64-linux.elf-fold.o
 .data          0x0000000000100b24        0x0 tmp/arm64-linux.elf-main.o

.iplt           0x0000000000100b24        0x0
 .iplt          0x0000000000100b24        0x0 tmp/arm64-linux.elf-fold.o

.rela.dyn       0x0000000000100b28        0x0
 .rela.iplt     0x0000000000100b28        0x0 tmp/arm64-linux.elf-fold.o

.data
LOAD tmp/arm64-linux.elf-fold.o
LOAD tmp/arm64-linux.elf-main.o
OUTPUT(tmp/arm64-linux.elf-fold.bin elf64-littleaarch64)

.igot.plt       0x0000000000100b28        0x0
 .igot.plt      0x0000000000100b28        0x0 tmp/arm64-linux.elf-fold.o

.bss            0x0000000000100b24        0x0
 .bss           0x0000000000100b24        0x0 tmp/arm64-linux.elf-fold.o
 .bss           0x0000000000100b24        0x0 tmp/arm64-linux.elf-main.o
