
Memory Configuration

Name             Origin             Length             Attributes
*default*        0x0000000000000000 0xffffffffffffffff

Linker script and memory map

                0x00000000001000bc                . = ((0x100000 + SIZEOF_HEADERS) + 0xc)

.text           0x00000000001000bc      0x870
 *(.text)
 .text          0x00000000001000bc      0x2c8 tmp/arm64-linux.elf-fold.o
                0x00000000001002b4                my_bkpt
                0x00000000001002bc                exit
                0x00000000001002c4                read
                0x00000000001002d0                write
                0x00000000001002dc                open
                0x00000000001002e8                close
                0x00000000001002f4                unlink
                0x0000000000100300                getpid
                0x000000000010030c                brk
                0x0000000000100318                readlink
                0x0000000000100324                munmap
                0x0000000000100330                mprotect
                0x000000000010033c                __clear_cache
                0x0000000000100350                mmap
                0x000000000010036c                mmap_privanon
 .text          0x0000000000100384      0x5a8 tmp/arm64-linux.elf-main.o
                0x00000000001007d8                upx_main
 *(.data)
 .data          0x000000000010092c        0x0 tmp/arm64-linux.elf-fold.o
 .data          0x000000000010092c        0x0 tmp/arm64-linux.elf-main.o

.iplt           0x000000000010092c        0x0
 .iplt          0x000000000010092c        0x0 tmp/arm64-linux.elf-fold.o

.rela.dyn       0x0000000000100930        0x0
 .rela.iplt     0x0000000000100930        0x0 tmp/arm64-linux.elf-fold.o

.data
LOAD tmp/arm64-linux.elf-fold.o
LOAD tmp/arm64-linux.elf-main.o
OUTPUT(tmp/arm64-linux.elf-fold.bin elf64-littleaarch64)

.igot.plt       0x0000000000100930        0x0
 .igot.plt      0x0000000000100930        0x0 tmp/arm64-linux.elf-fold.o

.bss            0x000000000010092c        0x0
 .bss           0x000000000010092c        0x0 tmp/arm64-linux.elf-fold.o
 .bss           0x000000000010092c        0x0 tmp/arm64-linux.elf-main.o
