
Memory Configuration

Name             Origin             Length             Attributes
*default*        0x0000000000000000 0xffffffffffffffff

Linker script and memory map

                0x00000000001000bc                . = ((0x100000 + SIZEOF_HEADERS) + 0xc)

.text           0x00000000001000bc      0xaa4
 *(.text)
 .text          0x00000000001000bc      0x2c0 tmp/arm64-linux.elf-fold.o
                0x00000000001000c4                get_page_mask
                0x00000000001000d4                mmap_privanon
                0x00000000001000e4                mmap
                0x0000000000100100                Pprotect
                0x0000000000100100                mprotect
                0x00000000001002d8                my_bkpt
                0x00000000001002e0                exit
                0x00000000001002e8                read
                0x00000000001002f4                write
                0x0000000000100300                close
                0x000000000010030c                getpid
                0x0000000000100318                brk
                0x0000000000100324                munmap
                0x0000000000100330                unlink
                0x0000000000100344                readlink
                0x000000000010034c                open
                0x0000000000100368                __clear_cache
 .text          0x000000000010037c      0x7e4 tmp/arm64-linux.elf-main.o
                0x00000000001009f8                upx_main
 *(.data)
 .data          0x0000000000100b60        0x0 tmp/arm64-linux.elf-fold.o
 .data          0x0000000000100b60        0x0 tmp/arm64-linux.elf-main.o

.iplt           0x0000000000100b60        0x0
 .iplt          0x0000000000100b60        0x0 tmp/arm64-linux.elf-fold.o

.rela.dyn       0x0000000000100b60        0x0
 .rela.iplt     0x0000000000100b60        0x0 tmp/arm64-linux.elf-fold.o

.data
LOAD tmp/arm64-linux.elf-fold.o
LOAD tmp/arm64-linux.elf-main.o
OUTPUT(tmp/arm64-linux.elf-fold.bin elf64-littleaarch64)

.igot.plt       0x0000000000100b60        0x0
 .igot.plt      0x0000000000100b60        0x0 tmp/arm64-linux.elf-fold.o

.bss            0x0000000000100b60        0x0
 .bss           0x0000000000100b60        0x0 tmp/arm64-linux.elf-fold.o
 .bss           0x0000000000100b60        0x0 tmp/arm64-linux.elf-main.o
