
Memory Configuration

Name             Origin             Length             Attributes
*default*        0x0000000000000000 0xffffffffffffffff

Linker script and memory map

                0x00000000001000bc                . = ((0x100000 + SIZEOF_HEADERS) + 0xc)

.text           0x00000000001000bc      0x8a4
 *(.text)
 .text          0x00000000001000bc      0x2fc tmp/arm64-linux.elf-fold.o
                0x00000000001002b4                my_bkpt
                0x00000000001002bc                exit
                0x00000000001002c8                read
                0x00000000001002d8                write
                0x00000000001002e8                open
                0x00000000001002f8                close
                0x0000000000100308                unlink
                0x0000000000100318                getpid
                0x0000000000100328                brk
                0x0000000000100338                readlink
                0x0000000000100348                munmap
                0x0000000000100358                mprotect
                0x0000000000100368                __clear_cache
                0x0000000000100380                mmap
                0x00000000001003a0                mmap_privanon
 .text          0x00000000001003b8      0x5a8 tmp/arm64-linux.elf-main.o
                0x000000000010080c                upx_main
 *(.data)
 .data          0x0000000000100960        0x0 tmp/arm64-linux.elf-fold.o
 .data          0x0000000000100960        0x0 tmp/arm64-linux.elf-main.o

.iplt           0x0000000000100960        0x0
 .iplt          0x0000000000100960        0x0 tmp/arm64-linux.elf-fold.o

.rela.dyn       0x0000000000100960        0x0
 .rela.iplt     0x0000000000100960        0x0 tmp/arm64-linux.elf-fold.o

.data
LOAD tmp/arm64-linux.elf-fold.o
LOAD tmp/arm64-linux.elf-main.o
OUTPUT(tmp/arm64-linux.elf-fold.bin elf64-littleaarch64)

.igot.plt       0x0000000000100960        0x0
 .igot.plt      0x0000000000100960        0x0 tmp/arm64-linux.elf-fold.o

.bss            0x0000000000100960        0x0
 .bss           0x0000000000100960        0x0 tmp/arm64-linux.elf-fold.o
 .bss           0x0000000000100960        0x0 tmp/arm64-linux.elf-main.o
