
Memory Configuration

Name             Origin             Length             Attributes
*default*        0x0000000000000000 0xffffffffffffffff

Linker script and memory map

                0x00000000001000bc                . = ((0x100000 + SIZEOF_HEADERS) + 0xc)

.text           0x00000000001000bc      0x924
 *(.text)
 .text          0x00000000001000bc      0x230 tmp/arm64-linux.elf-fold.o
                0x0000000000100220                my_bkpt
                0x0000000000100228                exit
                0x0000000000100230                read
                0x000000000010023c                write
                0x0000000000100248                close
                0x0000000000100254                getpid
                0x0000000000100260                brk
                0x000000000010026c                munmap
                0x0000000000100278                mprotect
                0x0000000000100284                mmap_privanon
                0x0000000000100294                mmap
                0x00000000001002a0                unlink
                0x00000000001002b4                readlink
                0x00000000001002bc                open
                0x00000000001002d8                __clear_cache
 .text          0x00000000001002ec      0x6f4 tmp/arm64-linux.elf-main.o
                0x000000000010087c                upx_main
 *(.data)
 .data          0x00000000001009e0        0x0 tmp/arm64-linux.elf-fold.o
 .data          0x00000000001009e0        0x0 tmp/arm64-linux.elf-main.o

.iplt           0x00000000001009e0        0x0
 .iplt          0x00000000001009e0        0x0 tmp/arm64-linux.elf-fold.o

.rela.dyn       0x00000000001009e0        0x0
 .rela.iplt     0x00000000001009e0        0x0 tmp/arm64-linux.elf-fold.o

.data
LOAD tmp/arm64-linux.elf-fold.o
LOAD tmp/arm64-linux.elf-main.o
OUTPUT(tmp/arm64-linux.elf-fold.bin elf64-littleaarch64)

.igot.plt       0x00000000001009e0        0x0
 .igot.plt      0x00000000001009e0        0x0 tmp/arm64-linux.elf-fold.o

.bss            0x00000000001009e0        0x0
 .bss           0x00000000001009e0        0x0 tmp/arm64-linux.elf-fold.o
 .bss           0x00000000001009e0        0x0 tmp/arm64-linux.elf-main.o
