
Memory Configuration

Name             Origin             Length             Attributes
*default*        0x0000000000000000 0xffffffffffffffff

Linker script and memory map

                0x0000000000000040                . = SIZEOF_HEADERS
LOAD tmp/arm64-linux.elf-fold.o
LOAD tmp/arm64-expand.o
LOAD tmp/arm64-linux.elf-main2.o
OUTPUT(tmp/arm64-linux.elf-fold.bin elf64-littleaarch64)

.text           0x0000000000000000      0xc98
 .text          0x0000000000000000      0x2d4 tmp/arm64-linux.elf-fold.o
                0x0000000000000010                get_page_mask
                0x0000000000000020                mmap_privanon
                0x0000000000000030                Psync
                0x00000000000000a0                msync
                0x00000000000000ac                mmap
                0x00000000000000c8                Pprotect
                0x00000000000000c8                mprotect
 .text          0x00000000000002d4        0x0 tmp/arm64-expand.o
 .text          0x00000000000002d4      0x9c4 tmp/arm64-linux.elf-main2.o
                0x00000000000004c8                underlay
                0x0000000000000534                xfind_pages
                0x0000000000000b4c                upx_main2

.data           0x0000000000000000        0x0
 .data          0x0000000000000000        0x0 tmp/arm64-linux.elf-fold.o
 .data          0x0000000000000000        0x0 tmp/arm64-expand.o
 .data          0x0000000000000000        0x0 tmp/arm64-linux.elf-main2.o

.bss            0x0000000000000000        0x0
 .bss           0x0000000000000000        0x0 tmp/arm64-linux.elf-fold.o
 .bss           0x0000000000000000        0x0 tmp/arm64-expand.o
 .bss           0x0000000000000000        0x0 tmp/arm64-linux.elf-main2.o

SYSCALLS        0x0000000000000000      0x118
 SYSCALLS       0x0000000000000000      0x118 tmp/arm64-linux.elf-fold.o
                0x0000000000000000                my_bkpt
                0x0000000000000008                exit
                0x0000000000000010                read
                0x000000000000001c                write
                0x0000000000000028                close
                0x0000000000000034                getpid
                0x0000000000000040                brk
                0x000000000000004c                munmap
                0x000000000000005c                upxfd_create
                0x000000000000009c                ftruncate
                0x00000000000000a8                unlink
                0x00000000000000bc                readlink
                0x00000000000000c4                open
                0x00000000000000e0                __clear_cache
                0x00000000000000f4                memcpy
                0x0000000000000108                memset

EXP_HEAD        0x0000000000000000      0x104
 EXP_HEAD       0x0000000000000000      0x104 tmp/arm64-expand.o
                0x0000000000000000                f_expand

EXP_TAIL        0x0000000000000000       0x54
 EXP_TAIL       0x0000000000000000       0x54 tmp/arm64-expand.o
                0x000000000000000c                eof
                0x0000000000000048                eof_lzma
                0x0000000000000054                upx_mmap_and_fd

NRV2E           0x0000000000000000       0xf4
 NRV2E          0x0000000000000000       0xf4 tmp/arm64-expand.o
                0x0000000000000008                ucl_nrv2e_decompress_32

NRV2D           0x0000000000000000       0xe8
 NRV2D          0x0000000000000000       0xe8 tmp/arm64-expand.o
                0x0000000000000008                ucl_nrv2d_decompress_32

NRV2B           0x0000000000000000       0xbc
 NRV2B          0x0000000000000000       0xbc tmp/arm64-expand.o
                0x0000000000000008                ucl_nrv2b_decompress_32

LZMA_DAISY      0x0000000000000000        0x8
 LZMA_DAISY     0x0000000000000000        0x8 tmp/arm64-expand.o

LZMA_ELF00      0x0000000000000000       0x84
 LZMA_ELF00     0x0000000000000000       0x84 tmp/arm64-expand.o

LZMA_DEC20      0x0000000000000000      0x968
 LZMA_DEC20     0x0000000000000000      0x968 tmp/arm64-expand.o

LZMA_DEC10      0x0000000000000000      0x4a0
 LZMA_DEC10     0x0000000000000000      0x4a0 tmp/arm64-expand.o
                0x0000000000000000                LzmaDecode

LZMA_DEC30      0x0000000000000000        0x0
 LZMA_DEC30     0x0000000000000000        0x0 tmp/arm64-expand.o
