
Memory Configuration

Name             Origin             Length             Attributes
*default*        0x0000000000000000 0xffffffffffffffff

Linker script and memory map

                0x00000000001000bc                . = ((0x100000 + SIZEOF_HEADERS) + 0xc)

.text           0x00000000001000bc      0xa50
 *(.text)
 .text          0x00000000001000bc      0x294 tmp/arm64-linux.elf-fold.o
                0x000000000010026c                my_bkpt
                0x0000000000100274                exit
                0x000000000010027c                read
                0x0000000000100288                write
                0x0000000000100294                close
                0x00000000001002a0                getpid
                0x00000000001002ac                brk
                0x00000000001002b8                munmap
                0x00000000001002c4                Pprotect
                0x00000000001002c4                mprotect
                0x00000000001002dc                mmap_privanon
                0x00000000001002ec                mmap
                0x0000000000100304                unlink
                0x0000000000100318                readlink
                0x0000000000100320                open
                0x000000000010033c                __clear_cache
 .text          0x0000000000100350      0x7bc tmp/arm64-linux.elf-main.o
                0x00000000001009a4                upx_main
 *(.data)
 .data          0x0000000000100b0c        0x0 tmp/arm64-linux.elf-fold.o
 .data          0x0000000000100b0c        0x0 tmp/arm64-linux.elf-main.o

.iplt           0x0000000000100b0c        0x0
 .iplt          0x0000000000100b0c        0x0 tmp/arm64-linux.elf-fold.o

.rela.dyn       0x0000000000100b10        0x0
 .rela.iplt     0x0000000000100b10        0x0 tmp/arm64-linux.elf-fold.o

.data
LOAD tmp/arm64-linux.elf-fold.o
LOAD tmp/arm64-linux.elf-main.o
OUTPUT(tmp/arm64-linux.elf-fold.bin elf64-littleaarch64)

.igot.plt       0x0000000000100b10        0x0
 .igot.plt      0x0000000000100b10        0x0 tmp/arm64-linux.elf-fold.o

.bss            0x0000000000100b0c        0x0
 .bss           0x0000000000100b0c        0x0 tmp/arm64-linux.elf-fold.o
 .bss           0x0000000000100b0c        0x0 tmp/arm64-linux.elf-main.o
