
Memory Configuration

Name             Origin             Length             Attributes
*default*        0x0000000000000000 0xffffffffffffffff

Linker script and memory map

                0x00000000001000bc                . = ((0x100000 + SIZEOF_HEADERS) + 0xc)

.text           0x00000000001000bc      0x88c
 *(.text)
 .text          0x00000000001000bc      0x26c tmp/arm64-linux.elf-fold.o
                0x0000000000100230                my_bkpt
                0x0000000000100238                exit
                0x0000000000100240                read
                0x000000000010024c                write
                0x0000000000100258                close
                0x0000000000100264                unlink
                0x0000000000100270                getpid
                0x000000000010027c                brk
                0x0000000000100288                munmap
                0x0000000000100294                mprotect
                0x00000000001002a0                mmap_privanon
                0x00000000001002b0                mmap
                0x00000000001002bc                open
                0x00000000001002e0                readlink
                0x0000000000100314                __clear_cache
 .text          0x0000000000100328      0x620 tmp/arm64-linux.elf-main.o
                0x00000000001007d8                upx_main
 *(.data)
 .data          0x0000000000100948        0x0 tmp/arm64-linux.elf-fold.o
 .data          0x0000000000100948        0x0 tmp/arm64-linux.elf-main.o

.iplt           0x0000000000100948        0x0
 .iplt          0x0000000000100948        0x0 tmp/arm64-linux.elf-fold.o

.rela.dyn       0x0000000000100948        0x0
 .rela.iplt     0x0000000000100948        0x0 tmp/arm64-linux.elf-fold.o

.data
LOAD tmp/arm64-linux.elf-fold.o
LOAD tmp/arm64-linux.elf-main.o
OUTPUT(tmp/arm64-linux.elf-fold.bin elf64-littleaarch64)

.igot.plt       0x0000000000100948        0x0
 .igot.plt      0x0000000000100948        0x0 tmp/arm64-linux.elf-fold.o

.bss            0x0000000000100948        0x0
 .bss           0x0000000000100948        0x0 tmp/arm64-linux.elf-fold.o
 .bss           0x0000000000100948        0x0 tmp/arm64-linux.elf-main.o
