
Memory Configuration

Name             Origin             Length             Attributes
*default*        0x0000000000000000 0xffffffffffffffff

Linker script and memory map

TARGET(elf32-bigarm)
                0x0000000000008080                . = ((0x8000 + SIZEOF_HEADERS) + 0xc)

.text           0x0000000000008080      0xafc
 *(.text)
 .text          0x0000000000008080      0x348 tmp/armeb.v4a-linux.elf-fold.o
                0x00000000000082ec                munmap
                0x000000000000834c                get_sys_munmap
                0x00000000000082d4                getpid
                0x00000000000082e4                readlink
                0x000000000000836c                __udivsi3
                0x000000000000830c                mmap
                0x0000000000008340                __clear_cache
                0x0000000000008354                mmap_privanon
                0x00000000000082b4                write
                0x00000000000082ac                read
                0x00000000000082cc                unlink
                0x00000000000082a0                my_bkpt
                0x00000000000082f4                Pprotect
                0x00000000000082a8                exit
                0x00000000000082dc                brk
                0x00000000000082bc                open
                0x000000000000836c                div10
                0x00000000000082f4                mprotect
                0x00000000000082c4                close
 .text          0x00000000000083c8      0x7b4 tmp/armeb.v4a-linux.elf-main.o
                0x00000000000083c8                get_page_mask
                0x0000000000008a48                upx_main
 *(.data)
 .data          0x0000000000008b7c        0x0 tmp/armeb.v4a-linux.elf-fold.o
 .data          0x0000000000008b7c        0x0 tmp/armeb.v4a-linux.elf-main.o

.data

.bss            0x0000000000008b7c        0x0
 .bss           0x0000000000008b7c        0x0 tmp/armeb.v4a-linux.elf-fold.o
 .bss           0x0000000000008b7c        0x0 tmp/armeb.v4a-linux.elf-main.o
LOAD tmp/armeb.v4a-linux.elf-fold.o
LOAD tmp/armeb.v4a-linux.elf-main.o
OUTPUT(tmp/armeb.v4a-linux.elf-fold.bin elf32-bigarm)
