
Memory Configuration

Name             Origin             Length             Attributes
*default*        0x0000000000000000 0xffffffffffffffff

Linker script and memory map

TARGET(elf32-bigarm)
                0x0000000000100040                . = ((0x100000 + SIZEOF_HEADERS) + 0xc)

SO_MAIN         0x0000000000100040      0xd48
 *(.text)
 .text          0x0000000000100040      0x2e0 tmp/armeb.v4a-linux.elf-fold.o
                0x0000000000100048                get_page_mask
                0x0000000000100304                mempcpy
                0x000000000010009c                mmap
                0x0000000000100084                mmap_privanon
                0x00000000001002ec                my_memset
                0x0000000000100050                get_upxfn_path
                0x0000000000100068                Pprotect
                0x0000000100100034                PAGE_MASK
                0x0000000000100068                mprotect
 .text          0x0000000000100320      0x344 tmp/armeb.v4a-linux.elf-upxfd_android.o
                0x000000000010038c                upx_mmap_and_fd
 .text          0x0000000000100664        0x0 tmp/armeb.v4a-expand.o
 *(SO_MAIN)
 SO_MAIN        0x0000000000100664      0x724 tmp/armeb.v4a-linux.elf-so_main.o
                0x0000000000100664                PF_to_PROT
                0x0000000000100840                get_PAGE_MASK
                0x00000000001008e8                upx_so_main

SYSCALLS        0x0000000000000000      0x100
 SYSCALLS       0x0000000000000000      0x100 tmp/armeb.v4a-linux.elf-fold.o
                0x0000000000000050                munmap
                0x0000000000000000                get_sys_munmap
                0x0000000000000030                getpid
                0x0000000000000068                readlink
                0x00000000000000a4                __udivsi3
                0x0000000000000028                ftruncate
                0x0000000000000038                lseek
                0x0000000000000090                __clear_cache
                0x0000000000000078                uname
                0x0000000000000088                write
                0x0000000000000020                fstat
                0x0000000000000040                memfd_create
                0x0000000000000060                read
                0x0000000000000080                unlink
                0x000000000000009c                my_bkpt
                0x0000000000000070                stat
                0x000000000000001c                exit
                0x000000000000000c                brk
                0x0000000000000058                open
                0x00000000000000a4                div10
                0x0000000000000048                mkdir
                0x0000000000000014                close

EXP_HEAD        0x0000000000000000       0xdc
 EXP_HEAD       0x0000000000000000       0xdc tmp/armeb.v4a-expand.o
                0x0000000000000070                f_expand

EXP_TAIL        0x0000000000000000       0x24
 EXP_TAIL       0x0000000000000000       0x24 tmp/armeb.v4a-expand.o
                0x0000000000000000                eof

NRV2E           0x0000000000000000      0x114
 NRV2E          0x0000000000000000      0x114 tmp/armeb.v4a-expand.o
                0x0000000000000000                ucl_nrv2e_decompress_8

NRV2D           0x0000000000000000      0x100
 NRV2D          0x0000000000000000      0x100 tmp/armeb.v4a-expand.o
                0x0000000000000000                ucl_nrv2d_decompress_8

NRV2B           0x0000000000000000       0xc4
 NRV2B          0x0000000000000000       0xc4 tmp/armeb.v4a-expand.o
                0x0000000000000000                ucl_nrv2b_decompress_8

.data           0x0000000000000000        0x0
 .data          0x0000000000000000        0x0 tmp/armeb.v4a-linux.elf-fold.o
 .data          0x0000000000000000        0x0 tmp/armeb.v4a-linux.elf-upxfd_android.o
 .data          0x0000000000000000        0x0 tmp/armeb.v4a-expand.o
 .data          0x0000000000000000        0x0 tmp/armeb.v4a-linux.elf-so_main.o

.bss            0x0000000000000000        0x0
 .bss           0x0000000000000000        0x0 tmp/armeb.v4a-linux.elf-fold.o
 .bss           0x0000000000000000        0x0 tmp/armeb.v4a-linux.elf-upxfd_android.o
 .bss           0x0000000000000000        0x0 tmp/armeb.v4a-expand.o
 .bss           0x0000000000000000        0x0 tmp/armeb.v4a-linux.elf-so_main.o
LOAD tmp/armeb.v4a-linux.elf-fold.o
LOAD tmp/armeb.v4a-linux.elf-upxfd_android.o
LOAD tmp/armeb.v4a-expand.o
LOAD tmp/armeb.v4a-linux.elf-so_main.o
OUTPUT(tmp/armeb.v4a-linux.elf-fold.bin elf32-bigarm)

LZMA_ELF00      0x0000000000000000       0x90
 LZMA_ELF00     0x0000000000000000       0x90 tmp/armeb.v4a-expand.o

LZMA_DEC20      0x0000000000000000      0x938
 LZMA_DEC20     0x0000000000000000      0x938 tmp/armeb.v4a-expand.o

LZMA_DEC10      0x0000000000000000      0x478
 LZMA_DEC10     0x0000000000000000      0x478 tmp/armeb.v4a-expand.o
                0x0000000000000000                LzmaDecode

LZMA_DEC30      0x0000000000000000        0x0
 LZMA_DEC30     0x0000000000000000        0x0 tmp/armeb.v4a-expand.o
