
Memory Configuration

Name             Origin             Length             Attributes
*default*        0x0000000000000000 0xffffffffffffffff

Linker script and memory map

TARGET(elf32-bigarm)
                0x0000000000008080                . = ((0x8000 + SIZEOF_HEADERS) + 0xc)

.text           0x0000000000008080      0x9a0
 *(.text)
 .text          0x0000000000008080      0x2ac tmp/armeb.v4a-linux.elf-fold.o
                0x00000000000082d0                munmap
                0x00000000000082b8                getpid
                0x00000000000082c8                readlink
                0x00000000000082ec                mmap
                0x00000000000082e0                __clear_cache
                0x0000000000008310                mmap_privanon
                0x0000000000008298                write
                0x0000000000008290                read
                0x00000000000082b0                unlink
                0x0000000000008284                my_bkpt
                0x000000000000828c                exit
                0x00000000000082c0                brk
                0x00000000000082a0                open
                0x00000000000082d8                mprotect
                0x00000000000082a8                close
 .text          0x000000000000832c      0x6f4 tmp/armeb.v4a-linux.elf-main.o
                0x00000000000088a0                upx_main
 *(.data)
 .data          0x0000000000008a20        0x0 tmp/armeb.v4a-linux.elf-fold.o
 .data          0x0000000000008a20        0x0 tmp/armeb.v4a-linux.elf-main.o

.data

.bss            0x0000000000008a20        0x0
 .bss           0x0000000000008a20        0x0 tmp/armeb.v4a-linux.elf-fold.o
 .bss           0x0000000000008a20        0x0 tmp/armeb.v4a-linux.elf-main.o
LOAD tmp/armeb.v4a-linux.elf-fold.o
LOAD tmp/armeb.v4a-linux.elf-main.o
OUTPUT(tmp/armeb.v4a-linux.elf-fold.bin elf32-bigarm)
