
Memory Configuration

Name             Origin             Length             Attributes
*default*        0x0000000000000000 0xffffffffffffffff

Linker script and memory map


.text           0x0000000000000000      0xb99
 .text          0x0000000000000000      0x16a tmp/i386-linux.elf-fold.o
                0x0000000000000002                get_page_mask
                0x000000000000000f                get_upxfn_path
 *fill*         0x000000000000016a        0x2 00
 .text          0x000000000000016c      0x38c tmp/i386-linux.elf-upxfd_android.o
                0x0000000000000374                upx_mmap_and_fd
                0x000000000000033a                strncmplc
 .text          0x00000000000004f8        0x0 tmp/i386-expand.o
 .text          0x00000000000004f8      0x6a1 tmp/i386-linux.elf-main.o
                0x0000000000000537                unpackExtent
                0x0000000000000aa4                upx_main

.data           0x0000000000000000        0x0
 .data          0x0000000000000000        0x0 tmp/i386-linux.elf-fold.o
 .data          0x0000000000000000        0x0 tmp/i386-linux.elf-upxfd_android.o
 .data          0x0000000000000000        0x0 tmp/i386-expand.o
 .data          0x0000000000000000        0x0 tmp/i386-linux.elf-main.o

.bss            0x0000000000000000        0x0
 .bss           0x0000000000000000        0x0 tmp/i386-linux.elf-fold.o
 .bss           0x0000000000000000        0x0 tmp/i386-linux.elf-upxfd_android.o
 .bss           0x0000000000000000        0x0 tmp/i386-expand.o
 .bss           0x0000000000000000        0x0 tmp/i386-linux.elf-main.o
TARGET(elf32-i386)
                0x0000000000100040                . = ((0x100000 + SIZEOF_HEADERS) + 0xc)
LOAD tmp/i386-linux.elf-fold.o
LOAD tmp/i386-linux.elf-upxfd_android.o
LOAD tmp/i386-expand.o
LOAD tmp/i386-linux.elf-main.o
OUTPUT(tmp/i386-linux.elf-fold.bin elf32-i386)

SYSCALLS        0x0000000000000000       0x74
 SYSCALLS       0x0000000000000000       0x74 tmp/i386-linux.elf-fold.o
                0x000000000000005a                mempcpy
                0x000000000000002a                mmap
                0x0000000000000048                my_memset
                0x0000000000000070                my_bkpt
                0x0000000000000000                Pprotect

.note.GNU-stack
                0x0000000000000000        0x0
 .note.GNU-stack
                0x0000000000000000        0x0 tmp/i386-linux.elf-upxfd_android.o

EXP_HEAD        0x0000000000000000       0xf1
 EXP_HEAD       0x0000000000000000       0xf1 tmp/i386-expand.o
                0x0000000000000057                f_expand

EXP_TAIL        0x0000000000000000        0xb
 EXP_TAIL       0x0000000000000000        0xb tmp/i386-expand.o

NRV2E           0x0000000000000000       0xd2
 NRV2E          0x0000000000000000       0xd2 tmp/i386-expand.o

NRV2D           0x0000000000000000       0xc5
 NRV2D          0x0000000000000000       0xc5 tmp/i386-expand.o

NRV2B           0x0000000000000000       0xb0
 NRV2B          0x0000000000000000       0xb0 tmp/i386-expand.o

LZMA_DEC00      0x0000000000000000       0x2e
 LZMA_DEC00     0x0000000000000000       0x2e tmp/i386-expand.o

LZMA_ELF00      0x0000000000000000       0x48
 LZMA_ELF00     0x0000000000000000       0x48 tmp/i386-expand.o

LZMA_DEC10      0x0000000000000000      0xb39
 LZMA_DEC10     0x0000000000000000      0xb39 tmp/i386-expand.o

LZMA_DEC20      0x0000000000000000      0xb39
 LZMA_DEC20     0x0000000000000000      0xb39 tmp/i386-expand.o

LZMA_DEC30      0x0000000000000000       0x1a
 LZMA_DEC30     0x0000000000000000       0x1a tmp/i386-expand.o
