
Memory Configuration

Name             Origin             Length             Attributes
*default*        0x0000000000000000 0xffffffffffffffff

Linker script and memory map

                0x0000000000100040                . = ((0x100000 + SIZEOF_HEADERS) + 0xc)

.text           0x0000000000000000      0x73c
 .text          0x0000000000000000      0x135 tmp/i386-linux.elf-fold.o
 *fill*         0x0000000000000135        0x3 00
 .text          0x0000000000000138      0x601 tmp/i386-linux.elf-main.o
                0x000000000000064c                upx_main
 *fill*         0x0000000000000739        0x3 00
 .text          0x000000000000073c        0x0 tmp/i386-expand.o

.data           0x0000000000000000        0x0
 .data          0x0000000000000000        0x0 tmp/i386-linux.elf-fold.o
 .data          0x0000000000000000        0x0 tmp/i386-linux.elf-main.o
 .data          0x0000000000000000        0x0 tmp/i386-expand.o

.bss            0x0000000000000000        0x0
 .bss           0x0000000000000000        0x0 tmp/i386-linux.elf-fold.o
 .bss           0x0000000000000000        0x0 tmp/i386-linux.elf-main.o
 .bss           0x0000000000000000        0x0 tmp/i386-expand.o
LOAD tmp/i386-linux.elf-fold.o
LOAD tmp/i386-linux.elf-main.o
LOAD tmp/i386-expand.o
OUTPUT(tmp/i386-linux.elf-fold.bin elf32-i386)

SYSCALLS        0x0000000000000000       0x50
 SYSCALLS       0x0000000000000000       0x50 tmp/i386-linux.elf-fold.o
                0x0000000000000046                get_page_mask
                0x0000000000000028                mmap
                0x000000000000004c                my_bkpt
                0x0000000000000000                Pprotect

EXP_HEAD        0x0000000000000000       0xf1
 EXP_HEAD       0x0000000000000000       0xf1 tmp/i386-expand.o
                0x0000000000000057                f_expand

EXP_TAIL        0x0000000000000000        0xb
 EXP_TAIL       0x0000000000000000        0xb tmp/i386-expand.o

NRV2E           0x0000000000000000       0xd2
 NRV2E          0x0000000000000000       0xd2 tmp/i386-expand.o

NRV2D           0x0000000000000000       0xc5
 NRV2D          0x0000000000000000       0xc5 tmp/i386-expand.o

NRV2B           0x0000000000000000       0xb0
 NRV2B          0x0000000000000000       0xb0 tmp/i386-expand.o

LZMA_DEC00      0x0000000000000000       0x2e
 LZMA_DEC00     0x0000000000000000       0x2e tmp/i386-expand.o

LZMA_ELF00      0x0000000000000000       0x48
 LZMA_ELF00     0x0000000000000000       0x48 tmp/i386-expand.o

LZMA_DEC10      0x0000000000000000      0xa86
 LZMA_DEC10     0x0000000000000000      0xa86 tmp/i386-expand.o

LZMA_DEC20      0x0000000000000000      0xa86
 LZMA_DEC20     0x0000000000000000      0xa86 tmp/i386-expand.o

LZMA_DEC30      0x0000000000000000       0x1a
 LZMA_DEC30     0x0000000000000000       0x1a tmp/i386-expand.o
