
Memory Configuration

Name             Origin             Length             Attributes
*default*        0x0000000000000000 0xffffffffffffffff

Linker script and memory map

TARGET(elf32-i386)
                0x0000000000c01080                . = ((0xc01000 + SIZEOF_HEADERS) + 0xc)

.text           0x0000000000c01080      0x854
 *(.text)
 .text          0x0000000000c01080       0xc4 tmp/i386-openbsd.elf-fold.o
 .text          0x0000000000c01144      0x71d tmp/i386-openbsd.elf-main.o
                0x0000000000c01704                upx_main
 *fill*         0x0000000000c01861        0x3 00
 .text          0x0000000000c01864       0x6d tmp/i386-bsd.syscall.o
                0x0000000000c018cd                waitpid
                0x0000000000c018a1                munmap
                0x0000000000c018b5                execve
                0x0000000000c018ad                getpid
                0x0000000000c018bd                ftruncate
                0x0000000000c01864                mmap
                0x0000000000c018c5                nanosleep
                0x0000000000c01895                write
                0x0000000000c01891                read
                0x0000000000c018c9                unlink
                0x0000000000c018b9                fork
                0x0000000000c018c1                gettimeofday
                0x0000000000c018a9                access
                0x0000000000c01889                exit
                0x0000000000c01888                brk
                0x0000000000c01899                open
                0x0000000000c018a5                mprotect
                0x0000000000c018b1                fcntl
                0x0000000000c0189d                close
 *(.data)
 *fill*         0x0000000000c018d1        0x3 00
 .data          0x0000000000c018d4        0x0 tmp/i386-openbsd.elf-fold.o
 .data          0x0000000000c018d4        0x0 tmp/i386-openbsd.elf-main.o
 .data          0x0000000000c018d4        0x0 tmp/i386-bsd.syscall.o

.data

.bss            0x0000000000c018d4        0x0
 .bss           0x0000000000c018d4        0x0 tmp/i386-openbsd.elf-fold.o
 .bss           0x0000000000c018d4        0x0 tmp/i386-openbsd.elf-main.o
 .bss           0x0000000000c018d4        0x0 tmp/i386-bsd.syscall.o

.rel.dyn        0x0000000000c018d4        0x0
 .rel.text      0x0000000000000000        0x0 tmp/i386-openbsd.elf-fold.o
LOAD tmp/i386-openbsd.elf-fold.o
LOAD tmp/i386-openbsd.elf-main.o
LOAD tmp/i386-bsd.syscall.o
OUTPUT(tmp/i386-openbsd.elf-fold.bin elf32-i386)
