
Memory Configuration

Name             Origin             Length             Attributes
*default*        0x0000000000000000 0xffffffffffffffff

Linker script and memory map

TARGET(elf32-i386)
                0x0000000000c01080                . = ((0xc01000 + SIZEOF_HEADERS) + 0xc)

.text           0x0000000000c01080      0x714
 *(.text)
 .text          0x0000000000c01080      0x14c tmp/i386-linux.elf-fold.o
                0x0000000000c011a0                mmap
 .text          0x0000000000c011cc      0x5c8 tmp/i386-linux.elf-main.o
                0x0000000000c012f4                get_page_mask
                0x0000000000c0168a                upx_main
 *(.data)
 .data          0x0000000000c01794        0x0 tmp/i386-linux.elf-fold.o
 .data          0x0000000000c01794        0x0 tmp/i386-linux.elf-main.o

.data

.bss            0x0000000000c01794        0x0
 .bss           0x0000000000c01794        0x0 tmp/i386-linux.elf-fold.o
 .bss           0x0000000000c01794        0x0 tmp/i386-linux.elf-main.o

.rel.dyn        0x0000000000c01794        0x0
 .rel.text      0x0000000000000000        0x0 tmp/i386-linux.elf-fold.o
LOAD tmp/i386-linux.elf-fold.o
LOAD tmp/i386-linux.elf-main.o
OUTPUT(tmp/i386-linux.elf-fold.bin elf32-i386)
