
Memory Configuration

Name             Origin             Length             Attributes
*default*        0x0000000000000000 0xffffffffffffffff

Linker script and memory map


.text           0x0000000000000000      0xe78
 .text          0x0000000000000000      0xe78 tmp/mips.r3000-linux.elf-fold.o
                0x0000000000000030                get_page_mask
                0x00000000000000c0                Psync
                0x0000000000000c7c                upx_main2
                0x0000000000000054                get_upxfn_path
                0x0000000000000e0c                underlay
                0x000000000000008c                Pprotect
                0x0000000000000010                get4unal

SYSCALLS        0x0000000000000000      0x158
 SYSCALLS       0x0000000000000000      0x158 tmp/mips.r3000-linux.elf-fold.o
                0x0000000000000118                munmap
                0x00000000000000e8                getpid
                0x0000000000000030                memcpy
                0x0000000000000138                readlink
                0x0000000000000058                mempcpy
                0x00000000000000e0                ftruncate
                0x00000000000000f0                lseek
                0x000000000000008c                mmap
                0x0000000000000080                mmap_privanon
                0x0000000000000140                uname
                0x0000000000000150                write
                0x00000000000000f8                memfd_create
                0x0000000000000130                read
                0x0000000000000148                unlink
                0x0000000000000010                memset
                0x0000000000000110                msync
                0x0000000000000000                my_bkpt
                0x0000000000000120                stat
                0x00000000000000c8                exit
                0x00000000000000d0                brk
                0x0000000000000128                open
                0x0000000000000108                mprotect
                0x0000000000000100                mkdir
                0x00000000000000d8                close

HUMF_A          0x0000000000000000        0x8
 HUMF_A         0x0000000000000000        0x8 tmp/mips.r3000-linux.elf-fold.o

HUMF_L          0x0000000000000000        0x8
 HUMF_L         0x0000000000000000        0x8 tmp/mips.r3000-linux.elf-fold.o

UMF_LINUX       0x0000000000000000      0x168
 UMF_LINUX      0x0000000000000000      0x168 tmp/mips.r3000-linux.elf-fold.o
                0x0000000000000000                upx_mmap_and_fd_linux

EXP_HEAD        0x0000000000000000       0xfc
 EXP_HEAD       0x0000000000000000       0xfc tmp/mips.r3000-linux.elf-fold.o
                0x00000000000000b4                eof_n2e
                0x0000000000000000                f_expand
                0x00000000000000b4                eof_n2b
                0x00000000000000b4                eof_nrv
                0x00000000000000b4                eof_n2d
                0x00000000000000ac                ret_decompr

EXP_TAIL        0x0000000000000000        0x0
 EXP_TAIL       0x0000000000000000        0x0 tmp/mips.r3000-linux.elf-fold.o
                0x0000000000000000                upx_mmap_and_fd

NRV2E           0x0000000000000000      0x15c
 NRV2E          0x0000000000000000      0x15c tmp/mips.r3000-linux.elf-fold.o

NRV2D           0x0000000000000000      0x14c
 NRV2D          0x0000000000000000      0x14c tmp/mips.r3000-linux.elf-fold.o

NRV2B           0x0000000000000000      0x130
 NRV2B          0x0000000000000000      0x130 tmp/mips.r3000-linux.elf-fold.o

LZMA_DAISY      0x0000000000000000        0x8
 LZMA_DAISY     0x0000000000000000        0x8 tmp/mips.r3000-linux.elf-fold.o

LZMA_ELF00      0x0000000000000000       0xa8
 LZMA_ELF00     0x0000000000000000       0xa8 tmp/mips.r3000-linux.elf-fold.o

LZMA_DEC10      0x0000000000000000      0xad8
 LZMA_DEC10     0x0000000000000000      0xad8 tmp/mips.r3000-linux.elf-fold.o

LZMA_DEC20      0x0000000000000000      0xad8
 LZMA_DEC20     0x0000000000000000      0xad8 tmp/mips.r3000-linux.elf-fold.o

LZMA_DEC30      0x0000000000000000        0x8
 LZMA_DEC30     0x0000000000000000        0x8 tmp/mips.r3000-linux.elf-fold.o

.data           0x0000000000000000        0x0
 .data          0x0000000000000000        0x0 tmp/mips.r3000-linux.elf-fold.o

.bss            0x0000000000000000        0x0
 .bss           0x0000000000000000        0x0 tmp/mips.r3000-linux.elf-fold.o
TARGET(elf32-bigmips)
                0x0000000000000034                . = SIZEOF_HEADERS
LOAD tmp/mips.r3000-linux.elf-fold.o
OUTPUT(tmp/mips.r3000-linux.elf-fold.bin elf32-bigmips)

.reginfo        0x0000000000000000       0x18
 .reginfo       0x0000000000000000       0x18 tmp/mips.r3000-linux.elf-fold.o

.comment        0x0000000000000000       0x23
 .comment       0x0000000000000000       0x23 tmp/mips.r3000-linux.elf-fold.o
