
Discarded input sections

 .got           0x0000000000000000        0x0 tmp/mips.r3000-linux.elf-fold.o

Memory Configuration

Name             Origin             Length             Attributes
*default*        0x0000000000000000 0xffffffffffffffff

Linker script and memory map


.text           0x0000000000000000     0x1cc0
 .text          0x0000000000000000     0x1cc0 tmp/mips.r3000-linux.elf-fold.o
                0x00000000000001d4                f_expand
                0x0000000000000088                get_page_mask
                0x00000000000002ec                munmap
                0x00000000000002c4                getpid
                0x000000000000198c                upx_mmap_and_fd
                0x000000000000030c                readlink
                0x0000000000000234                mempcpy
                0x00000000000002bc                ftruncate
                0x00000000000002cc                lseek
                0x0000000000000268                mmap
                0x000000000000020c                __clear_cache
                0x000000000000025c                mmap_privanon
                0x0000000000000314                uname
                0x0000000000000324                write
                0x0000000000000098                get_upxfn_path
                0x00000000000002d4                memfd_create
                0x0000000000000304                read
                0x000000000000031c                unlink
                0x0000000000000214                memset
                0x0000000000000200                my_bkpt
                0x00000000000001e0                Pprotect
                0x00000000000002f4                stat
                0x00000000000002b4                exit
                0x0000000000001638                upx_main
                0x00000000000002a4                brk
                0x00000000000002fc                open
                0xfffffffffffffff8                PAGE_MASK
                0x00000000000002e4                mprotect
                0x00000000000002dc                mkdir
                0x00000000000002ac                close

.rodata         0x0000000000001cc0        0xc
 .rodata        0x0000000000001cc0        0xc tmp/mips.r3000-linux.elf-fold.o

.data           0x0000000000001ccc        0x0
 .data          0x0000000000001ccc        0x0 tmp/mips.r3000-linux.elf-fold.o

.bss            0x0000000000001ccc        0x0
 .bss           0x0000000000001ccc        0x0 tmp/mips.r3000-linux.elf-fold.o

.rel.dyn        0x0000000000001ccc        0x0
 .rel.dyn       0x0000000000000000        0x0 tmp/mips.r3000-linux.elf-fold.o
TARGET(elf32-bigmips)
LOAD tmp/mips.r3000-linux.elf-fold.o
OUTPUT(tmp/mips.r3000-linux.elf-fold.bin elf32-bigmips)

.reginfo        0x0000000000000000       0x18
 .reginfo       0x0000000000000000       0x18 tmp/mips.r3000-linux.elf-fold.o

.mdebug.eabi32  0x0000000000000000        0x0
 .mdebug.eabi32
                0x0000000000000000        0x0 tmp/mips.r3000-linux.elf-fold.o

.gcc_compiled_long32
                0x0000000000000000        0x0
 .gcc_compiled_long32
                0x0000000000000000        0x0 tmp/mips.r3000-linux.elf-fold.o

.comment        0x0000000000000000       0x23
 .comment       0x0000000000000000       0x23 tmp/mips.r3000-linux.elf-fold.o
