
Memory Configuration

Name             Origin             Length             Attributes
*default*        0x0000000000000000 0xffffffffffffffff

Linker script and memory map

TARGET(elf64-powerpcle)
                0x00000000001000bc                . = ((0x100000 + SIZEOF_HEADERS) + 0xc)

.text           0x00000000001000bc      0x93c
 *(.text)
 .text          0x00000000001000bc      0x2cc tmp/powerpc64le-linux.elf-fold.o
                0x0000000000100334                exit
                0x000000000010033c                readlink
                0x0000000000100344                brk
                0x000000000010034c                close
                0x0000000000100354                open
                0x000000000010035c                munmap
                0x0000000000100364                mprotect
                0x000000000010036c                read
                0x0000000000100374                mmap
 .text          0x0000000000100388      0x670 tmp/powerpc64le-linux.elf-main.o
 *(.data)
 .data          0x00000000001009f8        0x0 tmp/powerpc64le-linux.elf-fold.o
 .data          0x00000000001009f8        0x0 tmp/powerpc64le-linux.elf-main.o

.sfpr           0x00000000001009f8       0xa4
 .sfpr          0x00000000001009f8       0xa4 linker stubs
                0x00000000001009f8                _savegpr0_14
                0x0000000000100a24                _savegpr0_25
                0x0000000000100a30                _savegpr0_28
                0x0000000000100a48                _restgpr0_14
                0x0000000000100a74                _restgpr0_25
                0x0000000000100a80                _restgpr0_28

.glink          0x0000000000100aa0        0x0
 .glink         0x0000000000100aa0        0x0 linker stubs

.eh_frame       0x0000000000100a9c        0x0
 .eh_frame      0x0000000000100a9c        0x0 linker stubs

.rela.dyn       0x0000000000100aa0        0x0
 .rela.iplt     0x0000000000100aa0        0x0 linker stubs

.data
LOAD tmp/powerpc64le-linux.elf-fold.o
LOAD tmp/powerpc64le-linux.elf-main.o
OUTPUT(tmp/powerpc64le-linux.elf-fold.bin elf64-powerpcle)

.branch_lt      0x0000000000100aa0        0x0
 .branch_lt     0x0000000000100aa0        0x0 linker stubs

.toc            0x0000000000100aa0        0x0
 .toc           0x0000000000100aa0        0x0 tmp/powerpc64le-linux.elf-main.o

.opd            0x0000000000100aa0       0x58
 .opd           0x0000000000100aa0       0x58 tmp/powerpc64le-linux.elf-main.o
                0x0000000000100ae0                upx_main

.iplt           0x0000000000100af8        0x0
 .iplt          0x0000000000100af8        0x0 linker stubs

.bss            0x0000000000100af8        0x0
 .bss           0x0000000000100af8        0x0 tmp/powerpc64le-linux.elf-fold.o
 .bss           0x0000000000100af8        0x0 tmp/powerpc64le-linux.elf-main.o
