
Memory Configuration

Name             Origin             Length             Attributes
*default*        0x0000000000000000 0xffffffffffffffff

Linker script and memory map

TARGET(elf32-powerpc)

.text           0x0000000000000000     0x1148
 *(.text)
 .text          0x0000000000000000      0x224 tmp/powerpc-linux.elf-fold.o
                0x000000000000000c                get_page_mask
 .text          0x0000000000000224       0xbc tmp/powerpc-linux.elf-upxfd_android.o
                0x0000000000000224                upx_mmap_and_fd
 .text          0x00000000000002e0        0x0 tmp/powerpc-expand.o
 .text          0x00000000000002e0      0xe68 tmp/powerpc-linux.elf-main.o
                0x00000000000003c8                unpackExtent
                0x0000000000000f60                upx_main
 *(.data)
 .data          0x0000000000001148        0x0 tmp/powerpc-linux.elf-fold.o
 .data          0x0000000000001148        0x0 tmp/powerpc-linux.elf-upxfd_android.o
 .data          0x0000000000001148        0x0 tmp/powerpc-expand.o
 .data          0x0000000000001148        0x0 tmp/powerpc-linux.elf-main.o

.data

.bss            0x0000000000000000        0x0
 .bss           0x0000000000000000        0x0 tmp/powerpc-linux.elf-fold.o
 .bss           0x0000000000000000        0x0 tmp/powerpc-linux.elf-upxfd_android.o
 .bss           0x0000000000000000        0x0 tmp/powerpc-expand.o
 .bss           0x0000000000000000        0x0 tmp/powerpc-linux.elf-main.o
LOAD tmp/powerpc-linux.elf-fold.o
LOAD tmp/powerpc-linux.elf-upxfd_android.o
LOAD tmp/powerpc-expand.o
LOAD tmp/powerpc-linux.elf-main.o
OUTPUT(tmp/powerpc-linux.elf-fold.bin elf32-powerpc)

SYSCALLS        0x0000000000000000       0x88
 SYSCALLS       0x0000000000000000       0x88 tmp/powerpc-linux.elf-fold.o
                0x0000000000000078                munmap
                0x0000000000000048                readlink
                0x0000000000000030                ftruncate
                0x0000000000000014                mmap
                0x0000000000000050                write
                0x0000000000000028                memfd_create
                0x0000000000000058                read
                0x0000000000000080                my_bkpt
                0x0000000000000000                Pprotect
                0x0000000000000038                exit
                0x0000000000000040                brk
                0x0000000000000060                open
                0x0000000000000070                mprotect
                0x0000000000000068                close

.note.GNU-stack
                0x0000000000000000        0x0
 .note.GNU-stack
                0x0000000000000000        0x0 tmp/powerpc-linux.elf-upxfd_android.o

EXP_HEAD        0x0000000000000000       0xa8
 EXP_HEAD       0x0000000000000000       0xa8 tmp/powerpc-expand.o
                0x0000000000000000                f_expand

EXP_TAIL        0x0000000000000000       0x84
 EXP_TAIL       0x0000000000000000       0x84 tmp/powerpc-expand.o
                0x0000000000000000                eof_nrv

NRV2E           0x0000000000000000      0x148
 NRV2E          0x0000000000000000      0x148 tmp/powerpc-expand.o

NRV2D           0x0000000000000000      0x12c
 NRV2D          0x0000000000000000      0x12c tmp/powerpc-expand.o

NRV2B           0x0000000000000000       0xf0
 NRV2B          0x0000000000000000       0xf0 tmp/powerpc-expand.o

LZMA_ELF00      0x0000000000000000       0x90
 LZMA_ELF00     0x0000000000000000       0x90 tmp/powerpc-expand.o

LZMA_DEC10      0x0000000000000000      0x99c
 LZMA_DEC10     0x0000000000000000      0x99c tmp/powerpc-expand.o

LZMA_DEC20      0x0000000000000000      0x99c
 LZMA_DEC20     0x0000000000000000      0x99c tmp/powerpc-expand.o

LZMA_DEC30      0x0000000000000000       0x24
 LZMA_DEC30     0x0000000000000000       0x24 tmp/powerpc-expand.o
