
Memory Configuration

Name             Origin             Length             Attributes
*default*        0x0000000000000000 0xffffffffffffffff

Linker script and memory map

TARGET(elf64-powerpcle)
                0x0000000000000040                . = SIZEOF_HEADERS
LOAD tmp/powerpc64le-linux.elf-fold.o
OUTPUT(tmp/powerpc64le-linux.elf-fold.bin elf64-powerpcle)

.text           0x0000000000000000     0x1264
 .text          0x0000000000000000     0x1264 tmp/powerpc64le-linux.elf-fold.o
                0x0000000000000014                get_page_mask
                0x000000000000002c                Pprotect
                0x0000000000000050                Psync
                0x000000000000009c                Pmap
                0x00000000000000c0                Punmap
                0x000000000000031c                upx_mmap_and_fd_linux
                0x0000000000000744                underlay
                0x00000000000007d0                xfind_pages
                0x00000000000010c4                upx_main2

HUMF_A          0x0000000000000000        0x4
 HUMF_A         0x0000000000000000        0x4 tmp/powerpc64le-linux.elf-fold.o

HUMF_L          0x0000000000000000        0x4
 HUMF_L         0x0000000000000000        0x4 tmp/powerpc64le-linux.elf-fold.o

.data           0x0000000000000000        0x0
 .data          0x0000000000000000        0x0 tmp/powerpc64le-linux.elf-fold.o

.bss            0x0000000000000000        0x0
 .bss           0x0000000000000000        0x0 tmp/powerpc64le-linux.elf-fold.o

SYSCALLS        0x0000000000000000      0x15c
 SYSCALLS       0x0000000000000000      0x15c tmp/powerpc64le-linux.elf-fold.o
                0x0000000000000008                mmap
                0x0000000000000020                munmap
                0x0000000000000028                mprotect
                0x0000000000000030                msync
                0x0000000000000038                ftruncate
                0x0000000000000040                exit
                0x0000000000000048                brk
                0x0000000000000050                readlink
                0x0000000000000058                write
                0x0000000000000060                read
                0x0000000000000068                open
                0x0000000000000070                openat64
                0x0000000000000070                openat
                0x0000000000000078                close
                0x0000000000000080                upxfd_create
                0x00000000000000ec                memfd_create
                0x0000000000000130                memcpy
                0x0000000000000154                my_bkpt

.comment        0x0000000000000000       0x65
 .comment       0x0000000000000000       0x65 tmp/powerpc64le-linux.elf-fold.o

.note.GNU-stack
                0x0000000000000000        0x0
 .note.GNU-stack
                0x0000000000000000        0x0 tmp/powerpc64le-linux.elf-fold.o

EXP_HEAD        0x0000000000000000       0xac
 EXP_HEAD       0x0000000000000000       0xac tmp/powerpc64le-linux.elf-fold.o
                0x0000000000000000                f_expand

EXP_TAIL        0x0000000000000000       0x8c
 EXP_TAIL       0x0000000000000000       0x8c tmp/powerpc64le-linux.elf-fold.o
                0x0000000000000008                eof_nrv
                0x000000000000008c                upx_mmap_and_fd

NRV2E           0x0000000000000000      0x15c
 NRV2E          0x0000000000000000      0x15c tmp/powerpc64le-linux.elf-fold.o

NRV2D           0x0000000000000000      0x144
 NRV2D          0x0000000000000000      0x144 tmp/powerpc64le-linux.elf-fold.o

NRV2B           0x0000000000000000      0x100
 NRV2B          0x0000000000000000      0x100 tmp/powerpc64le-linux.elf-fold.o

LZMA_DAISY      0x0000000000000000        0x8
 LZMA_DAISY     0x0000000000000000        0x8 tmp/powerpc64le-linux.elf-fold.o

LZMA_ELF00      0x0000000000000000       0x98
 LZMA_ELF00     0x0000000000000000       0x98 tmp/powerpc64le-linux.elf-fold.o

LZMA_DEC30      0x0000000000000000       0x30
 LZMA_DEC30     0x0000000000000000       0x30 tmp/powerpc64le-linux.elf-fold.o

LZMA_DEC10      0x0000000000000000      0xbb8
 LZMA_DEC10     0x0000000000000000      0xbb8 tmp/powerpc64le-linux.elf-fold.o

LZMA_DEC20      0x0000000000000000      0xc6c
 LZMA_DEC20     0x0000000000000000      0xc6c tmp/powerpc64le-linux.elf-fold.o
