
Memory Configuration

Name             Origin             Length             Attributes
*default*        0x0000000000000000 0xffffffffffffffff

Linker script and memory map

TARGET(elf64-powerpc)
                0x00000000001000bc                . = ((0x100000 + SIZEOF_HEADERS) + 0xc)

.text           0x00000000001000bc      0xc40
 *(.text)
 .text          0x00000000001000bc      0x348 tmp/powerpc64-linux.elf-fold.o
                0x00000000001000bc                get_page_mask
                0x0000000000100394                mmap
                0x00000000001003ac                Pprotect
                0x00000000001003ac                mprotect
                0x00000000001003c4                exit
                0x00000000001003cc                brk
                0x00000000001003d4                readlink
                0x00000000001003dc                read
                0x00000000001003e4                open
                0x00000000001003ec                close
                0x00000000001003f4                munmap
                0x00000000001003fc                my_bkpt
 .text          0x0000000000100404      0x8f8 tmp/powerpc64-linux.elf-main.o
 *(.data)
 .data          0x0000000000100cfc        0x0 tmp/powerpc64-linux.elf-fold.o
 .data          0x0000000000100cfc        0x0 tmp/powerpc64-linux.elf-main.o

.sfpr           0x0000000000100cfc       0xa4
 .sfpr          0x0000000000100cfc       0xa4 linker stubs
                0x0000000000100cfc                _savegpr0_14
                0x0000000000100d24                _savegpr0_24
                0x0000000000100d34                _savegpr0_28
                0x0000000000100d4c                _restgpr0_14
                0x0000000000100d74                _restgpr0_24
                0x0000000000100d84                _restgpr0_28

.glink          0x0000000000100da0        0x0
 .glink         0x0000000000100da0        0x0 linker stubs

.eh_frame       0x0000000000100da0        0x0
 .eh_frame      0x0000000000100da0        0x0 linker stubs

.rela.dyn       0x0000000000100da0        0x0
 .rela.iplt     0x0000000000100da0        0x0 linker stubs

.data
LOAD tmp/powerpc64-linux.elf-fold.o
LOAD tmp/powerpc64-linux.elf-main.o
OUTPUT(tmp/powerpc64-linux.elf-fold.bin elf64-powerpc)

.branch_lt      0x0000000000100da0        0x0
 .branch_lt     0x0000000000100da0        0x0 linker stubs

.toc            0x0000000000100da0        0x0
 .toc           0x0000000000100da0        0x0 tmp/powerpc64-linux.elf-main.o

.opd            0x0000000000100da0       0x58
 .opd           0x0000000000100da0       0x58 tmp/powerpc64-linux.elf-main.o
                0x0000000000100de0                upx_main

.iplt           0x0000000000100df8        0x0
 .iplt          0x0000000000100df8        0x0 linker stubs

.bss            0x0000000000100df8        0x0
 .bss           0x0000000000100df8        0x0 tmp/powerpc64-linux.elf-fold.o
 .bss           0x0000000000100df8        0x0 tmp/powerpc64-linux.elf-main.o
