
Memory Configuration

Name             Origin             Length             Attributes
*default*        0x0000000000000000 0xffffffffffffffff

Linker script and memory map

TARGET(elf64-powerpc)
                0x00000000001000bc                . = ((0x100000 + SIZEOF_HEADERS) + 0xc)

.text           0x00000000001000bc      0xbdc
 *(.text)
 .text          0x00000000001000bc      0x338 tmp/powerpc64-linux.elf-fold.o
                0x00000000001000bc                get_page_mask
                0x0000000000100384                mmap
                0x000000000010039c                Pprotect
                0x000000000010039c                mprotect
                0x00000000001003b4                exit
                0x00000000001003bc                brk
                0x00000000001003c4                readlink
                0x00000000001003cc                read
                0x00000000001003d4                open
                0x00000000001003dc                close
                0x00000000001003e4                munmap
                0x00000000001003ec                my_bkpt
 .text          0x00000000001003f4      0x8a4 tmp/powerpc64-linux.elf-main.o
 *(.data)
 .data          0x0000000000100c98        0x0 tmp/powerpc64-linux.elf-fold.o
 .data          0x0000000000100c98        0x0 tmp/powerpc64-linux.elf-main.o

.sfpr           0x0000000000100c98       0xa4
 .sfpr          0x0000000000100c98       0xa4 linker stubs
                0x0000000000100c98                _savegpr0_14
                0x0000000000100cc0                _savegpr0_24
                0x0000000000100cd0                _savegpr0_28
                0x0000000000100ce8                _restgpr0_14
                0x0000000000100d10                _restgpr0_24
                0x0000000000100d20                _restgpr0_28

.glink          0x0000000000100d40        0x0
 .glink         0x0000000000100d40        0x0 linker stubs

.eh_frame       0x0000000000100d3c        0x0
 .eh_frame      0x0000000000100d3c        0x0 linker stubs

.rela.dyn       0x0000000000100d40        0x0
 .rela.iplt     0x0000000000100d40        0x0 linker stubs

.data
LOAD tmp/powerpc64-linux.elf-fold.o
LOAD tmp/powerpc64-linux.elf-main.o
OUTPUT(tmp/powerpc64-linux.elf-fold.bin elf64-powerpc)

.branch_lt      0x0000000000100d40        0x0
 .branch_lt     0x0000000000100d40        0x0 linker stubs

.toc            0x0000000000100d40        0x0
 .toc           0x0000000000100d40        0x0 tmp/powerpc64-linux.elf-main.o

.opd            0x0000000000100d40       0x58
 .opd           0x0000000000100d40       0x58 tmp/powerpc64-linux.elf-main.o
                0x0000000000100d80                upx_main

.iplt           0x0000000000100d98        0x0
 .iplt          0x0000000000100d98        0x0 linker stubs

.bss            0x0000000000100d98        0x0
 .bss           0x0000000000100d98        0x0 tmp/powerpc64-linux.elf-fold.o
 .bss           0x0000000000100d98        0x0 tmp/powerpc64-linux.elf-main.o
