
Memory Configuration

Name             Origin             Length             Attributes
*default*        0x0000000000000000 0xffffffffffffffff

Linker script and memory map

TARGET(elf64-powerpc)

.text           0x0000000000000000      0xe6c
 *(.text)
 .text          0x0000000000000000      0xe6c tmp/powerpc64-linux.elf-fold.o
                0x0000000000000014                get_page_mask
                0x0000000000000b70                underlay
                0x0000000000000bfc                upx_main
                0x0000000000000da0                upx_mmap_and_fd
 *(.data)
 .data          0x0000000000000e6c        0x0 tmp/powerpc64-linux.elf-fold.o

.data
LOAD tmp/powerpc64-linux.elf-fold.o
OUTPUT(tmp/powerpc64-linux.elf-fold.bin elf64-powerpc)

.bss            0x0000000000000000        0x0
 .bss           0x0000000000000000        0x0 tmp/powerpc64-linux.elf-fold.o

SYSCALLS        0x0000000000000000       0xc4
 SYSCALLS       0x0000000000000000       0xc4 tmp/powerpc64-linux.elf-fold.o
                0x0000000000000000                Pmap
                0x0000000000000010                mmap
                0x0000000000000028                Pprotect
                0x0000000000000028                mprotect
                0x0000000000000040                Punmap
                0x0000000000000050                munmap
                0x0000000000000058                memfd_create
                0x0000000000000060                ftruncate
                0x0000000000000068                exit
                0x0000000000000070                brk
                0x0000000000000078                readlink
                0x0000000000000080                write
                0x0000000000000088                read
                0x0000000000000090                open
                0x0000000000000098                close
                0x00000000000000a0                memcpy
                0x00000000000000bc                my_bkpt

.comment        0x0000000000000000       0x65
 .comment       0x0000000000000000       0x65 tmp/powerpc64-linux.elf-fold.o

.note.GNU-stack
                0x0000000000000000        0x0
 .note.GNU-stack
                0x0000000000000000        0x0 tmp/powerpc64-linux.elf-fold.o

EXP_HEAD        0x0000000000000000       0xa8
 EXP_HEAD       0x0000000000000000       0xa8 tmp/powerpc64-linux.elf-fold.o
                0x0000000000000000                f_expand

EXP_TAIL        0x0000000000000000       0x84
 EXP_TAIL       0x0000000000000000       0x84 tmp/powerpc64-linux.elf-fold.o
                0x0000000000000000                eof_nrv

NRV2E           0x0000000000000000      0x154
 NRV2E          0x0000000000000000      0x154 tmp/powerpc64-linux.elf-fold.o

NRV2D           0x0000000000000000      0x144
 NRV2D          0x0000000000000000      0x144 tmp/powerpc64-linux.elf-fold.o

NRV2B           0x0000000000000000       0xf8
 NRV2B          0x0000000000000000       0xf8 tmp/powerpc64-linux.elf-fold.o

LZMA_ELF00      0x0000000000000000       0x94
 LZMA_ELF00     0x0000000000000000       0x94 tmp/powerpc64-linux.elf-fold.o

LZMA_DEC30      0x0000000000000000       0x28
 LZMA_DEC30     0x0000000000000000       0x28 tmp/powerpc64-linux.elf-fold.o

LZMA_DEC10      0x0000000000000000      0xbc0
 LZMA_DEC10     0x0000000000000000      0xbc0 tmp/powerpc64-linux.elf-fold.o

LZMA_DEC20      0x0000000000000000      0xc74
 LZMA_DEC20     0x0000000000000000      0xc74 tmp/powerpc64-linux.elf-fold.o
