
Memory Configuration

Name             Origin             Length             Attributes
*default*        0x0000000000000000 0xffffffffffffffff

Linker script and memory map

TARGET(elf64-powerpc)
                0x00000000001000bc                . = ((0x100000 + SIZEOF_HEADERS) + 0xc)

.text           0x00000000001000bc      0xb04
 *(.text)
 .text          0x00000000001000bc      0x30c tmp/powerpc64-linux.elf-fold.o
                0x00000000001000bc                get_page_mask
                0x0000000000100368                mmap
                0x0000000000100380                exit
                0x0000000000100388                brk
                0x0000000000100390                readlink
                0x0000000000100398                read
                0x00000000001003a0                open
                0x00000000001003a8                close
                0x00000000001003b0                mprotect
                0x00000000001003b8                munmap
                0x00000000001003c0                my_bkpt
 .text          0x00000000001003c8      0x7f8 tmp/powerpc64-linux.elf-main.o
 *(.data)
 .data          0x0000000000100bc0        0x0 tmp/powerpc64-linux.elf-fold.o
 .data          0x0000000000100bc0        0x0 tmp/powerpc64-linux.elf-main.o

.sfpr           0x0000000000100bc0       0xa4
 .sfpr          0x0000000000100bc0       0xa4 linker stubs
                0x0000000000100bc0                _savegpr0_14
                0x0000000000100be8                _savegpr0_24
                0x0000000000100bf8                _savegpr0_28
                0x0000000000100c10                _restgpr0_14
                0x0000000000100c38                _restgpr0_24
                0x0000000000100c48                _restgpr0_28

.glink          0x0000000000100c68        0x0
 .glink         0x0000000000100c68        0x0 linker stubs

.eh_frame       0x0000000000100c64        0x0
 .eh_frame      0x0000000000100c64        0x0 linker stubs

.rela.dyn       0x0000000000100c68        0x0
 .rela.iplt     0x0000000000100c68        0x0 linker stubs

.data
LOAD tmp/powerpc64-linux.elf-fold.o
LOAD tmp/powerpc64-linux.elf-main.o
OUTPUT(tmp/powerpc64-linux.elf-fold.bin elf64-powerpc)

.branch_lt      0x0000000000100c68        0x0
 .branch_lt     0x0000000000100c68        0x0 linker stubs

.toc            0x0000000000100c68        0x0
 .toc           0x0000000000100c68        0x0 tmp/powerpc64-linux.elf-main.o

.opd            0x0000000000100c68       0x58
 .opd           0x0000000000100c68       0x58 tmp/powerpc64-linux.elf-main.o
                0x0000000000100ca8                upx_main

.iplt           0x0000000000100cc0        0x0
 .iplt          0x0000000000100cc0        0x0 linker stubs

.bss            0x0000000000100cc0        0x0
 .bss           0x0000000000100cc0        0x0 tmp/powerpc64-linux.elf-fold.o
 .bss           0x0000000000100cc0        0x0 tmp/powerpc64-linux.elf-main.o
